../Core/Src/command_queue.c:13:6:InitQueue	16	static
../Core/Src/command_queue.c:19:9:Enqueue	24	static
../Core/Src/command_queue.c:45:10:Dequeue	24	static
../Core/Src/command_queue.c:63:6:CreatePollingList	32	static
../Core/Src/command_queue.c:75:6:CreateInitList	8	static
../Core/Src/command_queue.c:116:6:getNextMasterCommand	32	static
../Core/Src/command_queue.c:169:6:getNextSlaveCommand	32	static
../Core/Src/command_queue.c:237:6:ClearMasterQueue	4	static
../Core/Src/command_queue.c:242:6:ClearSlaveQueue	4	static
../Core/Src/command_queue.c:247:6:AddSlaveQueue	4	static
../Core/Src/command_queue.c:251:6:AddMasterQueue	4	static
../Core/Src/command_queue.c:255:6:RemoveMasterQueue	4	static
../Core/Src/command_queue.c:259:6:RemoveSlaveQueue	4	static
