../Core/Src/main.c:118:6:StateMachine	8	static,ignoring_inline_asm
../Core/Src/main.c:226:5:main	8	static
../Core/Src/main.c:353:6:SystemClock_Config	72	static
../Core/Src/main.c:390:13:MX_DAC_Init	16	static
../Core/Src/main.c:430:13:MX_TIM2_Init	32	static
../Core/Src/main.c:477:13:MX_TIM3_Init	32	static
../Core/Src/main.c:522:13:MX_TIM4_Init	32	static
../Core/Src/main.c:567:13:MX_USART1_UART_Init	8	static
../Core/Src/main.c:595:9:UART1_GetChar	16	static
../Core/Src/main.c:613:9:UART2_GetChar	16	static
../Core/Src/main.c:629:9:UART3_GetChar	16	static
../Core/Src/main.c:650:13:MX_USART2_UART_Init	8	static
../Core/Src/main.c:683:13:MX_USART3_UART_Init	8	static
../Core/Src/main.c:716:13:MX_GPIO_Init	40	static
../Core/Src/main.c:739:6:writeStringDrive1	16	static
../Core/Src/main.c:747:6:writeStringDrive2	16	static
../Core/Src/main.c:754:6:writeStringPC	16	static
../Core/Src/main.c:763:6:logPC	16	static
../Core/Src/main.c:782:6:putCharPC	24	static
../Core/Src/main.c:791:10:size	24	static
../Core/Src/main.c:810:6:setState	16	static
../Core/Src/main.c:816:6:clearNextCommandMaster	8	static
../Core/Src/main.c:820:6:clearNextCommandSlave	8	static
../Core/Src/main.c:829:6:Error_Handler	4	static,ignoring_inline_asm
