../Core/Src/stm32f1xx_it.c:107:6:NMI_Handler	4	static
../Core/Src/stm32f1xx_it.c:122:6:HardFault_Handler	4	static
../Core/Src/stm32f1xx_it.c:137:6:MemManage_Handler	4	static
../Core/Src/stm32f1xx_it.c:152:6:BusFault_Handler	4	static
../Core/Src/stm32f1xx_it.c:167:6:UsageFault_Handler	4	static
../Core/Src/stm32f1xx_it.c:182:6:SVC_Handler	4	static
../Core/Src/stm32f1xx_it.c:195:6:DebugMon_Handler	4	static
../Core/Src/stm32f1xx_it.c:208:6:PendSV_Handler	4	static
../Core/Src/stm32f1xx_it.c:221:6:SysTick_Handler	8	static
../Core/Src/stm32f1xx_it.c:242:6:TIM2_IRQHandler	8	static
../Core/Src/stm32f1xx_it.c:277:6:TIM3_IRQHandler	8	static
../Core/Src/stm32f1xx_it.c:295:6:TIM4_IRQHandler	8	static
../Core/Src/stm32f1xx_it.c:313:6:USART1_IRQHandler	8	static
../Core/Src/stm32f1xx_it.c:355:6:USART2_IRQHandler	8	static
../Core/Src/stm32f1xx_it.c:371:6:USART3_IRQHandler	8	static
